TEST_WRITE
